Warning: You are sending unauthenticated requests to the HF Hub. Please set a HF_TOKEN to enable higher rate limits and faster downloads.
loaded in 1s | train 2,223,995 | test 201,197
Loading weights:   0%|          | 0/103 [00:00<?, ?it/s]Loading weights: 100%|██████████| 103/103 [00:00<00:00, 7539.76it/s]
title present: 100.0%  desc present: 91.0%  features present: 62.5%  image present: 71.5%

test sample: 20,000 pairs (seed 0)
bucket
never      668
1-5       2176
6-25      4595
26-100    5722
>100      6839
Name: count, dtype: int64
TTN+IMAGE checkpoint loaded (best_epoch 14)
  node 50/363  [2s]
  node 100/363  [4s]
  node 150/363  [5s]
  node 200/363  [6s]
  node 250/363  [8s]
  node 300/363  [10s]
  node 350/363  [13s]
  node 363/363  [13s]

scoring done in 13s

Recall@10  (test sample 20,000 pairs, seed 0) -- 20% reserved for CONTENT; TTN=TTN+IMAGE, CONTENT=desc+title+features+image
target freq    pairs         TTN     CONTENT         POP     ROUTE@5    ROUTE@10    ROUTE@25    ROUTE@50   ROUTE@100
never            668      0.0359      0.0823      0.0000      0.0539      0.0509      0.0509      0.0584      0.0674
1-5             2176      0.0119      0.0864      0.0051      0.0515      0.0524      0.0496      0.0556      0.0662
6-25            4595      0.0276      0.0899      0.0324      0.0274      0.0394      0.0527      0.0544      0.0618
26-100          5722      0.1174      0.0869      0.1003      0.0963      0.0970      0.0994      0.0954      0.0528
>100            6839      0.5325      0.0580      0.5207      0.4868      0.4869      0.4876      0.4879      0.4922
all            20000      0.2245      0.0775      0.2147      0.2077      0.2107      0.2144      0.2147      0.2071

Recall@100  (test sample 20,000 pairs, seed 0)
target freq    pairs         TTN     CONTENT         POP     ROUTE@5    ROUTE@10    ROUTE@25    ROUTE@50   ROUTE@100
never            668      0.2620      0.3084      0.0000      0.2500      0.2246      0.2515      0.2725      0.2979
1-5             2176      0.1498      0.3134      0.0974      0.2339      0.2174      0.2270      0.2509      0.2790
6-25            4595      0.2511      0.3319      0.2520      0.2339      0.2642      0.2350      0.2612      0.2940
26-100          5722      0.6603      0.3362      0.6276      0.5944      0.5959      0.6040      0.5203      0.3004
>100            6839      0.9586      0.2983      0.9781      0.9417      0.9417      0.9422      0.9447      0.9608
all            20000      0.5995      0.3189      0.5825      0.5796      0.5844      0.5821      0.5683      0.5223

total runtime: 24s
