Warning: You are sending unauthenticated requests to the HF Hub. Please set a HF_TOKEN to enable higher rate limits and faster downloads.
loaded in 1s | train 2,223,995 | test 201,197
Loading weights:   0%|          | 0/103 [00:00<?, ?it/s]Loading weights: 100%|██████████| 103/103 [00:00<00:00, 9260.14it/s]
title present: 100.0%  desc present: 91.0%  features present: 62.5%  image present: 71.5%

test sample: 20,000 pairs (seed 0)
query cat_2 counts:
qcat2
Kitchen & Dining    11706
Home Dcor            3055
Bedding              2231
Bath                 1509
Furniture            1252
Wall Art              244
Kids' Home Store        3
Name: count, dtype: int64

Furniture pairs: 1252 | Bedding pairs: 2231
  content/pop node 100/363  [0s]
  content/pop node 200/363  [1s]
  content/pop node 300/363  [1s]
  content/pop node 363/363  [1s]
content+pop scoring done in 1s
TTN scored on test sample
TTN+IMAGE scored on test sample

Recall@10, query cat_2=Furniture  (n=1,252, seed 0), by TARGET frequency
group            pairs         TTN   TTN+IMAGE        DESC         POP     CONTENT
never               69      0.0290      0.0290      0.0290      0.0000      0.0435
1-5                188      0.0372      0.0426      0.1011      0.0213      0.1117
6-25               349      0.0430      0.0458      0.0860      0.0630      0.0974
26-100             359      0.2145      0.2228      0.0669      0.2256      0.0752
>100               287      0.7038      0.7073      0.0941      0.6934      0.0627
all               1252      0.2420      0.2468      0.0815      0.2444      0.0823

Recall@100, query cat_2=Furniture  (n=1,252, seed 0), by TARGET frequency
group            pairs         TTN   TTN+IMAGE        DESC         POP     CONTENT
never               69      0.3333      0.3333      0.3768      0.0000      0.3333
1-5                188      0.2500      0.2234      0.3032      0.1809      0.3457
6-25               349      0.3496      0.3553      0.2894      0.4011      0.3496
26-100             359      0.8134      0.8329      0.3287      0.8607      0.3454
>100               287      0.9895      0.9791      0.2962      1.0000      0.3902
all               1252      0.6134      0.6142      0.3091      0.6150      0.3562

Recall@10, query cat_2=Furniture  (n=1,252, seed 0), by QUERY frequency
group            pairs         TTN   TTN+IMAGE        DESC         POP     CONTENT
never               59      0.2542      0.2712      0.0169      0.2373      0.0339
1-5                183      0.1530      0.1749      0.0820      0.1858      0.0984
6-25               352      0.2188      0.2216      0.0767      0.2131      0.1023
26-100             336      0.2589      0.2798      0.1071      0.2649      0.0833
>100               322      0.2981      0.2764      0.0714      0.2919      0.0590
all               1252      0.2420      0.2468      0.0815      0.2444      0.0823

Recall@100, query cat_2=Furniture  (n=1,252, seed 0), by QUERY frequency
group            pairs         TTN   TTN+IMAGE        DESC         POP     CONTENT
never               59      0.5932      0.5424      0.2203      0.5593      0.3559
1-5                183      0.5464      0.5574      0.3060      0.5519      0.3825
6-25               352      0.5994      0.6023      0.3097      0.5994      0.3352
26-100             336      0.6280      0.6280      0.3065      0.6310      0.3661
>100               322      0.6553      0.6584      0.3292      0.6615      0.3540
all               1252      0.6134      0.6142      0.3091      0.6150      0.3562

Recall@10, query cat_2=Bedding  (n=2,231, seed 0), by TARGET frequency
group            pairs         TTN   TTN+IMAGE        DESC         POP     CONTENT
never               96      0.0521      0.0625      0.0417      0.0000      0.0417
1-5                225      0.0000      0.0133      0.0444      0.0044      0.0444
6-25               523      0.0249      0.0229      0.0421      0.0229      0.0478
26-100             643      0.1089      0.1104      0.0529      0.0964      0.0560
>100               744      0.5806      0.5672      0.0336      0.5726      0.0497
all               2231      0.2331      0.2304      0.0426      0.2246      0.0502

Recall@100, query cat_2=Bedding  (n=2,231, seed 0), by TARGET frequency
group            pairs         TTN   TTN+IMAGE        DESC         POP     CONTENT
never               96      0.2917      0.2917      0.1771      0.0000      0.1979
1-5                225      0.1067      0.1022      0.1511      0.0489      0.2533
6-25               523      0.2141      0.2314      0.1797      0.2505      0.2734
26-100             643      0.6236      0.6516      0.1804      0.6579      0.2628
>100               744      0.9530      0.9570      0.1613      1.0000      0.2648
all               2231      0.5710      0.5840      0.1708      0.5867      0.2622

Recall@10, query cat_2=Bedding  (n=2,231, seed 0), by QUERY frequency
group            pairs         TTN   TTN+IMAGE        DESC         POP     CONTENT
never              137      0.2555      0.2847      0.0438      0.2482      0.0657
1-5                215      0.2186      0.2000      0.0512      0.2000      0.0512
6-25               545      0.1945      0.2037      0.0477      0.2037      0.0495
26-100             684      0.2471      0.2398      0.0409      0.2354      0.0585
>100               650      0.2508      0.2415      0.0369      0.2338      0.0385
all               2231      0.2331      0.2304      0.0426      0.2246      0.0502

Recall@100, query cat_2=Bedding  (n=2,231, seed 0), by QUERY frequency
group            pairs         TTN   TTN+IMAGE        DESC         POP     CONTENT
never              137      0.5693      0.5839      0.1898      0.5985      0.3212
1-5                215      0.4884      0.5349      0.2279      0.5163      0.3116
6-25               545      0.5486      0.5468      0.1927      0.5321      0.2606
26-100             684      0.5702      0.5965      0.1667      0.6096      0.2442
>100               650      0.6185      0.6185      0.1338      0.6292      0.2538
all               2231      0.5710      0.5840      0.1708      0.5867      0.2622

total runtime: 18s
