Warning: You are sending unauthenticated requests to the HF Hub. Please set a HF_TOKEN to enable higher rate limits and faster downloads.
items: 137,362 | train pairs: 2,223,995 | test pairs: 201,197 | loaded in 1s
description present: 91.0%
Loading weights:   0%|          | 0/103 [00:00<?, ?it/s]Loading weights: 100%|██████████| 103/103 [00:00<00:00, 9716.90it/s]
colour present: 54.9%   material present: 73.1%
encoded colour/material in 8s total

sampled 20,000 test pairs (seed 0)
bucket
never      668
1-5       2176
6-25      4595
26-100    5722
>100      6839
Name: count, dtype: int64
  node 50/363  [0s]
  node 100/363  [0s]
  node 150/363  [0s]
  node 200/363  [1s]
  node 250/363  [1s]
  node 300/363  [1s]
  node 350/363  [1s]
  node 363/363  [1s]

content-similarity + POP scoring: 1s
TTN checkpoint scored (best_epoch 14, use_description=True)

Recall@10  (n=20,000 sampled test pairs, seed 0)
target freq    pairs             TTN            DESC             POP         CONTENT
never            668          0.0389          0.0554          0.0000          0.0554
1-5             2176          0.0133          0.0680          0.0051          0.0648
6-25            4595          0.0276          0.0672          0.0324          0.0605
26-100          5722          0.1075          0.0640          0.1003          0.0617
>100            6839          0.5210          0.0469          0.5207          0.0453
all            20000          0.2180          0.0590          0.2147          0.0559

Recall@100  (n=20,000 sampled test pairs, seed 0)
target freq    pairs             TTN            DESC             POP         CONTENT
never            668          0.2216          0.2380          0.0000          0.2500
1-5             2176          0.1576          0.2284          0.0974          0.2730
6-25            4595          0.2346          0.2420          0.2520          0.2921
26-100          5722          0.6003          0.2426          0.6276          0.2842
>100            6839          0.9338          0.2193          0.9781          0.2620
all            20000          0.5695          0.2328          0.5825          0.2761

total runtime: 15s
