Warning: You are sending unauthenticated requests to the HF Hub. Please set a HF_TOKEN to enable higher rate limits and faster downloads.
loaded in 1s | train 2,223,995 | test 201,197
Loading weights:   0%|          | 0/103 [00:00<?, ?it/s]Loading weights: 100%|██████████| 103/103 [00:00<00:00, 7995.66it/s]
title present: 100.0%  desc present: 91.0%  features present: 62.5%  image present: 71.5%

test sample: 20,000 pairs (seed 0)
query-frequency bucket counts:
qbucket
never      721
1-5       2181
6-25      4590
26-100    5796
>100      6712
Name: count, dtype: int64

query cat_2 counts:
qcat2
Kitchen & Dining    11706
Home Dcor            3055
Bedding              2231
Bath                 1509
Furniture            1252
Wall Art              244
Kids' Home Store        3
Name: count, dtype: int64
  content/pop node 100/363  [0s]
  content/pop node 200/363  [1s]
  content/pop node 300/363  [2s]
  content/pop node 363/363  [3s]
content+pop scoring done in 3s
TTN scored on test sample
TTN+IMAGE scored on test sample

Recall@10 by QUERY frequency  (n=20,000, seed 0)
group            pairs         TTN   TTN+IMAGE        DESC         POP     CONTENT
never              721      0.2108      0.2205      0.0555      0.2080      0.0888
1-5               2181      0.1669      0.1706      0.0761      0.1641      0.0945
6-25              4590      0.1943      0.2017      0.0741      0.1972      0.0941
26-100            5796      0.2290      0.2367      0.0611      0.2219      0.0821
>100              6712      0.2421      0.2476      0.0419      0.2378      0.0554
all              20000      0.2180      0.2245      0.0590      0.2147      0.0775

Recall@100 by QUERY frequency  (n=20,000, seed 0)
group            pairs         TTN   TTN+IMAGE        DESC         POP     CONTENT
never              721      0.5381      0.5229      0.2261      0.5354      0.3218
1-5               2181      0.5062      0.5062      0.2581      0.5044      0.3379
6-25              4590      0.5242      0.5344      0.2471      0.5327      0.3259
26-100            5796      0.5828      0.5902      0.2315      0.5952      0.3085
>100              6712      0.6129      0.6162      0.2166      0.6360      0.2871
all              20000      0.5695      0.5746      0.2328      0.5825      0.3090

Recall@10 by QUERY cat_2  (n=20,000, seed 0)
group            pairs         TTN   TTN+IMAGE        DESC         POP     CONTENT
Bath              1509      0.1909      0.2048      0.0345      0.1968      0.0557
Bedding           2231      0.2331      0.2304      0.0426      0.2246      0.0502
Furniture         1252      0.2420      0.2468      0.0815      0.2444      0.0823
Home Dcor         3055      0.1807      0.1830      0.0671      0.1804      0.0881
Kids' Home Store       3      0.3333      0.3333      0.3333      0.3333      0.3333
Kitchen & Dining   11706      0.2277      0.2367      0.0604      0.2233      0.0818
Wall Art           244      0.1270      0.1148      0.0779      0.1025      0.0984
all              20000      0.2180      0.2245      0.0590      0.2147      0.0775

Recall@100 by QUERY cat_2  (n=20,000, seed 0)
group            pairs         TTN   TTN+IMAGE        DESC         POP     CONTENT
Bath              1509      0.5454      0.5388      0.1822      0.5520      0.2737
Bedding           2231      0.5710      0.5840      0.1708      0.5867      0.2622
Furniture         1252      0.6134      0.6142      0.3091      0.6150      0.3562
Home Dcor         3055      0.5260      0.5172      0.2488      0.5375      0.3142
Kids' Home Store       3      0.3333      0.3333      0.3333      0.3333      0.3333
Kitchen & Dining   11706      0.5832      0.5933      0.2383      0.6013      0.3157
Wall Art           244      0.3689      0.3279      0.2541      0.2295      0.3238
all              20000      0.5695      0.5746      0.2328      0.5825      0.3090

total runtime: 23s
